Warning: <standard input>, line 7 (fmod FOO): duplicate attributes.
Bye.
