Advisory: Ignoring a specific strat mapping because strategy expand comes from
    a parameter.
Bye.
