fmod FOO is
  protecting NAT + QID .
endfm
Warning: <standard input>, line 13 (fmod FOO): missing module expression after
    +.
fmod FOO is
  protecting NAT + FLOAT .
endfm
Bye.
