==========================================
reduce in FOO : h(g(7)) .
rewrites: 8
result Set: h(f(0, 1, 2, 3, 4, 5, 6, 7))
==========================================
reduce in FOO : h(g(8)) .
rewrites: 9
result Set: h(f(0, 1, 2, 3, 4, 5, 6, 7, 8))
==========================================
reduce in FOO : h(g(8)) .
rewrites: 9
result Set: h(f(0, 1, 2, 3, 4, 5, 6, 7, 8))
Bye.
